PASS 210 records, 21 repeats, S1/C exact equivalence, statistics and graphs.
S0 − S1
Throughput {'N': 30, 'Missing': 0, 'Mean': -3.81, 'Median': -3.8, 'SD': 0.647728125171303, 'CI95Low': -4.051865656889784, 'CI95High': -3.568134343110217, 'Increase': 0, 'Decrease': 30, 'Unchanged': 0, 'Unavailable': 0}
DeliveryCycleTime {'N': 0, 'Missing': 0, 'Increase': 0, 'Decrease': 0, 'Unchanged': 0, 'Unavailable': 30}
SpecialistQueue {'N': 30, 'Missing': 0, 'Mean': 2.9346666666666668, 'Median': 2.75, 'SD': 0.6242884685416054, 'CI95Low': 2.7015535214059154, 'CI95High': 3.167779811927418, 'Increase': 30, 'Decrease': 0, 'Unchanged': 0, 'Unavailable': 0}
TestingQueue {'N': 30, 'Missing': 0, 'Mean': -1.0093333333333334, 'Median': -0.85, 'SD': 0.5124581283708293, 'CI95Low': -1.2006883432985713, 'CI95High': -0.8179783233680955, 'Increase': 0, 'Decrease': 30, 'Unchanged': 0, 'Unavailable': 0}
DeveloperUtilization {'N': 30, 'Missing': 0, 'Mean': -0.7754924104798678, 'Median': -0.7671066666666668, 'SD': 0.10342064782232549, 'CI95Low': -0.8141103150442224, 'CI95High': -0.7368745059155133, 'Increase': 0, 'Decrease': 30, 'Unchanged': 0, 'Unavailable': 0}
DeliveryWorkCost {'N': 0, 'Missing': 0, 'Increase': 0, 'Decrease': 0, 'Unchanged': 0, 'Unavailable': 30}
SystemCost {'N': 0, 'Missing': 0, 'Increase': 0, 'Decrease': 0, 'Unchanged': 0, 'Unavailable': 30}
S2 − S1
Throughput {'N': 30, 'Missing': 0, 'Mean': 1.19, 'Median': 1.2000000000000002, 'SD': 0.647728125171303, 'CI95Low': 0.9481343431102166, 'CI95High': 1.4318656568897832, 'Increase': 29, 'Decrease': 0, 'Unchanged': 1, 'Unavailable': 0}
DeliveryCycleTime {'N': 30, 'Missing': 0, 'Mean': 10.83132034120711, 'Median': 11.434763212079616, 'SD': 4.149710607034865, 'CI95Low': 9.281792934770111, 'CI95High': 12.38084774764411, 'Increase': 29, 'Decrease': 1, 'Unchanged': 0, 'Unavailable': 0}
SpecialistQueue {'N': 30, 'Missing': 0, 'Mean': -1.8113333333333332, 'Median': -1.9899999999999998, 'SD': 0.6719540898384164, 'CI95Low': -2.0622451140987015, 'CI95High': -1.5604215525679648, 'Increase': 0, 'Decrease': 30, 'Unchanged': 0, 'Unavailable': 0}
TestingQueue {'N': 30, 'Missing': 0, 'Mean': 13.314666666666668, 'Median': 13.48, 'SD': 4.122305793784744, 'CI95Low': 11.775372385673974, 'CI95High': 14.853960947659361, 'Increase': 30, 'Decrease': 0, 'Unchanged': 0, 'Unavailable': 0}
DeveloperUtilization {'N': 30, 'Missing': 0, 'Mean': 0.21220994063851106, 'Median': 0.20110452281857477, 'SD': 0.10499730961216741, 'CI95Low': 0.1730033008862375, 'CI95High': 0.2514165803907846, 'Increase': 30, 'Decrease': 0, 'Unchanged': 0, 'Unavailable': 0}
DeliveryWorkCost {'N': 30, 'Missing': 0, 'Mean': -0.23567394393808538, 'Median': -0.2609235999289785, 'SD': 0.1812963254025991, 'CI95Low': -0.3033711044151093, 'CI95High': -0.16797678346106146, 'Increase': 2, 'Decrease': 28, 'Unchanged': 0, 'Unavailable': 0}
SystemCost {'N': 30, 'Missing': 0, 'Mean': -0.17392024640625406, 'Median': -0.16167269181838195, 'SD': 0.3341515174172723, 'CI95Low': -0.2986944736168947, 'CI95High': -0.04914601919561343, 'Increase': 10, 'Decrease': 20, 'Unchanged': 0, 'Unavailable': 0}
S3 − S1
Throughput {'N': 30, 'Missing': 0, 'Mean': 1.19, 'Median': 1.2000000000000002, 'SD': 0.647728125171303, 'CI95Low': 0.9481343431102166, 'CI95High': 1.4318656568897832, 'Increase': 29, 'Decrease': 0, 'Unchanged': 1, 'Unavailable': 0}
DeliveryCycleTime {'N': 30, 'Missing': 0, 'Mean': 10.722653674540444, 'Median': 11.295744680851064, 'SD': 3.5324491730899545, 'CI95Low': 9.40361547552258, 'CI95High': 12.041691873558309, 'Increase': 29, 'Decrease': 1, 'Unchanged': 0, 'Unavailable': 0}
SpecialistQueue {'N': 30, 'Missing': 0, 'Mean': -2.0246666666666666, 'Median': -2.2, 'SD': 0.6282473339725988, 'CI95Low': -2.2592580765739507, 'CI95High': -1.7900752567593825, 'Increase': 0, 'Decrease': 30, 'Unchanged': 0, 'Unavailable': 0}
TestingQueue {'N': 30, 'Missing': 0, 'Mean': 13.207333333333334, 'Median': 13.51, 'SD': 3.5966899853302223, 'CI95Low': 11.864307220794629, 'CI95High': 14.55035944587204, 'Increase': 30, 'Decrease': 0, 'Unchanged': 0, 'Unavailable': 0}
DeveloperUtilization {'N': 30, 'Missing': 0, 'Mean': 0.22321472792187536, 'Median': 0.23289333333333312, 'SD': 0.10377839120424896, 'CI95Low': 0.18446323978332596, 'CI95High': 0.26196621606042475, 'Increase': 30, 'Decrease': 0, 'Unchanged': 0, 'Unavailable': 0}
DeliveryWorkCost {'N': 30, 'Missing': 0, 'Mean': -0.18565707601570275, 'Median': -0.22356873943166677, 'SD': 0.1897178545608773, 'CI95Low': -0.256498887161315, 'CI95High': -0.11481526487009046, 'Increase': 6, 'Decrease': 24, 'Unchanged': 0, 'Unavailable': 0}
SystemCost {'N': 30, 'Missing': 0, 'Mean': -0.11889630998943262, 'Median': -0.08768581081081095, 'SD': 0.3207452669753844, 'CI95Low': -0.23866456101415634, 'CI95High': 0.0008719410352910906, 'Increase': 11, 'Decrease': 19, 'Unchanged': 0, 'Unavailable': 0}
S4 − S1
Throughput {'N': 30, 'Missing': 0, 'Mean': 1.1866666666666668, 'Median': 1.2000000000000002, 'SD': 0.6457998693592062, 'CI95Low': 0.9455210323303599, 'CI95High': 1.4278123010029737, 'Increase': 29, 'Decrease': 0, 'Unchanged': 1, 'Unavailable': 0}
DeliveryCycleTime {'N': 30, 'Missing': 0, 'Mean': 7.432027824200309, 'Median': 7.827697763229678, 'SD': 2.926790564675714, 'CI95Low': 6.339146266344692, 'CI95High': 8.524909382055926, 'Increase': 29, 'Decrease': 1, 'Unchanged': 0, 'Unavailable': 0}
SpecialistQueue {'N': 30, 'Missing': 0, 'Mean': -2.0566666666666666, 'Median': -2.25, 'SD': 0.6274652529647844, 'CI95Low': -2.2909660427261906, 'CI95High': -1.8223672906071424, 'Increase': 0, 'Decrease': 30, 'Unchanged': 0, 'Unavailable': 0}
TestingQueue {'N': 30, 'Missing': 0, 'Mean': 9.390666666666666, 'Median': 9.580000000000002, 'SD': 2.990959865919339, 'CI95Low': 8.273823897935202, 'CI95High': 10.50750943539813, 'Increase': 30, 'Decrease': 0, 'Unchanged': 0, 'Unavailable': 0}
DeveloperUtilization {'N': 30, 'Missing': 0, 'Mean': 0.224056842733492, 'Median': 0.23289333333333312, 'SD': 0.10361787667510089, 'CI95Low': 0.18536529170516533, 'CI95High': 0.2627483937618187, 'Increase': 30, 'Decrease': 0, 'Unchanged': 0, 'Unavailable': 0}
DeliveryWorkCost {'N': 30, 'Missing': 0, 'Mean': -0.12154704781636448, 'Median': -0.13473515101282318, 'SD': 0.19524188293422184, 'CI95Low': -0.19445156505620947, 'CI95High': -0.048642530576519474, 'Increase': 8, 'Decrease': 22, 'Unchanged': 0, 'Unavailable': 0}
SystemCost {'N': 30, 'Missing': 0, 'Mean': -0.1106041032782882, 'Median': -0.091385460492305, 'SD': 0.323603903450315, 'CI95Low': -0.23143978670551152, 'CI95High': 0.010231580148935132, 'Increase': 13, 'Decrease': 17, 'Unchanged': 0, 'Unavailable': 0}
S5 − S1
Throughput {'N': 30, 'Missing': 0, 'Mean': 1.19, 'Median': 1.2000000000000002, 'SD': 0.647728125171303, 'CI95Low': 0.9481343431102166, 'CI95High': 1.4318656568897832, 'Increase': 29, 'Decrease': 0, 'Unchanged': 1, 'Unavailable': 0}
DeliveryCycleTime {'N': 30, 'Missing': 0, 'Mean': 5.631987007873778, 'Median': 5.637500000000001, 'SD': 2.720155826987564, 'CI95Low': 4.616264129138317, 'CI95High': 6.647709886609238, 'Increase': 29, 'Decrease': 1, 'Unchanged': 0, 'Unavailable': 0}
SpecialistQueue {'N': 30, 'Missing': 0, 'Mean': -2.0646666666666667, 'Median': -2.25, 'SD': 0.6246142717755873, 'CI95Low': -2.297901468854363, 'CI95High': -1.8314318644789707, 'Increase': 0, 'Decrease': 30, 'Unchanged': 0, 'Unavailable': 0}
TestingQueue {'N': 30, 'Missing': 0, 'Mean': 7.336, 'Median': 7.2299999999999995, 'SD': 2.548348484803442, 'CI95Low': 6.384431037176189, 'CI95High': 8.287568962823812, 'Increase': 30, 'Decrease': 0, 'Unchanged': 0, 'Unavailable': 0}
DeveloperUtilization {'N': 30, 'Missing': 0, 'Mean': 0.2235171642951812, 'Median': 0.23289333333333312, 'SD': 0.10281487466782968, 'CI95Low': 0.18512545914419867, 'CI95High': 0.26190886944616376, 'Increase': 30, 'Decrease': 0, 'Unchanged': 0, 'Unavailable': 0}
DeliveryWorkCost {'N': 30, 'Missing': 0, 'Mean': -0.08811544737644542, 'Median': -0.11889856739263216, 'SD': 0.18819719941542698, 'CI95Low': -0.15838943655885376, 'CI95High': -0.01784145819403707, 'Increase': 8, 'Decrease': 22, 'Unchanged': 0, 'Unavailable': 0}
SystemCost {'N': 30, 'Missing': 0, 'Mean': -0.11738412812290333, 'Median': -0.0876858108108105, 'SD': 0.3191554689242388, 'CI95Low': -0.2365587387991232, 'CI95High': 0.0017904825533165275, 'Increase': 13, 'Decrease': 17, 'Unchanged': 0, 'Unavailable': 0}
G6 − S1
Throughput {'N': 30, 'Missing': 0, 'Mean': 1.19, 'Median': 1.2000000000000002, 'SD': 0.647728125171303, 'CI95Low': 0.9481343431102166, 'CI95High': 1.4318656568897832, 'Increase': 29, 'Decrease': 0, 'Unchanged': 1, 'Unavailable': 0}
DeliveryCycleTime {'N': 30, 'Missing': 0, 'Mean': 39.28932034120711, 'Median': 40.49236559139785, 'SD': 6.3365281484037945, 'CI95Low': 36.92322184485269, 'CI95High': 41.65541883756153, 'Increase': 30, 'Decrease': 0, 'Unchanged': 0, 'Unavailable': 0}
SpecialistQueue {'N': 30, 'Missing': 0, 'Mean': -1.696, 'Median': -1.74, 'SD': 0.7085955025308138, 'CI95Low': -1.9605939091241957, 'CI95High': -1.4314060908758042, 'Increase': 0, 'Decrease': 30, 'Unchanged': 0, 'Unavailable': 0}
TestingQueue {'N': 30, 'Missing': 0, 'Mean': 50.31466666666667, 'Median': 51.37, 'SD': 7.7206055387552, 'CI95Low': 47.431745179006896, 'CI95High': 53.19758815432644, 'Increase': 30, 'Decrease': 0, 'Unchanged': 0, 'Unavailable': 0}
DeveloperUtilization {'N': 30, 'Missing': 0, 'Mean': 0.18142032409192718, 'Median': 0.1783022222222223, 'SD': 0.11103196245340866, 'CI95Low': 0.13996030793552944, 'CI95High': 0.22288034024832493, 'Increase': 28, 'Decrease': 2, 'Unchanged': 0, 'Unavailable': 0}
DeliveryWorkCost {'N': 30, 'Missing': 0, 'Mean': -0.15646445638104725, 'Median': -0.16573115227257684, 'SD': 0.19152242169693862, 'CI95Low': -0.22798010396945684, 'CI95High': -0.08494880879263768, 'Increase': 6, 'Decrease': 24, 'Unchanged': 0, 'Unavailable': 0}
SystemCost {'N': 30, 'Missing': 0, 'Mean': 0.6290444054326209, 'Median': 0.6527618653994587, 'SD': 0.363838470531144, 'CI95Low': 0.49318488774761055, 'CI95High': 0.7649039231176311, 'Increase': 28, 'Decrease': 2, 'Unchanged': 0, 'Unavailable': 0}
G6 − S2
Throughput {'N': 30, 'Missing': 0, 'Mean': 0, 'Median': 0.0, 'SD': 0.0, 'CI95Low': 0.0, 'CI95High': 0.0, 'Increase': 0, 'Decrease': 0, 'Unchanged': 30, 'Unavailable': 0}
DeliveryCycleTime {'N': 30, 'Missing': 0, 'Mean': 28.458, 'Median': 28.97, 'SD': 3.824777117689343, 'CI95Low': 27.02980475252284, 'CI95High': 29.886195247477158, 'Increase': 30, 'Decrease': 0, 'Unchanged': 0, 'Unavailable': 0}
SpecialistQueue {'N': 30, 'Missing': 0, 'Mean': 0.11533333333333333, 'Median': 0.15999999999999998, 'SD': 0.31406932392369213, 'CI95Low': -0.0019420795872408803, 'CI95High': 0.23260874625390754, 'Increase': 21, 'Decrease': 9, 'Unchanged': 0, 'Unavailable': 0}
TestingQueue {'N': 30, 'Missing': 0, 'Mean': 37.0, 'Median': 37.239999999999995, 'SD': 5.076678251471677, 'CI95Low': 35.1043371865541, 'CI95High': 38.8956628134459, 'Increase': 30, 'Decrease': 0, 'Unchanged': 0, 'Unavailable': 0}
DeveloperUtilization {'N': 30, 'Missing': 0, 'Mean': -0.030789616546583878, 'Median': -0.02689208488359568, 'SD': 0.03674109139426555, 'CI95Low': -0.04450896554439285, 'CI95High': -0.017070267548774904, 'Increase': 4, 'Decrease': 26, 'Unchanged': 0, 'Unavailable': 0}
DeliveryWorkCost {'N': 30, 'Missing': 0, 'Mean': 0.07920948755703815, 'Median': 0.07516414961505591, 'SD': 0.042742006334800256, 'CI95Low': 0.06324936009427014, 'CI95High': 0.09516961501980616, 'Increase': 29, 'Decrease': 1, 'Unchanged': 0, 'Unavailable': 0}
SystemCost {'N': 30, 'Missing': 0, 'Mean': 0.8029646518388749, 'Median': 0.8289090422585073, 'SD': 0.2118233245142936, 'CI95Low': 0.7238685225567352, 'CI95High': 0.8820607811210146, 'Increase': 30, 'Decrease': 0, 'Unchanged': 0, 'Unavailable': 0}
S5 − S2
Throughput {'N': 30, 'Missing': 0, 'Mean': 0, 'Median': 0.0, 'SD': 0.0, 'CI95Low': 0.0, 'CI95High': 0.0, 'Increase': 0, 'Decrease': 0, 'Unchanged': 30, 'Unavailable': 0}
DeliveryCycleTime {'N': 30, 'Missing': 0, 'Mean': -5.199333333333334, 'Median': -5.670000000000002, 'SD': 2.6066783372758113, 'CI95Low': -6.172683021026522, 'CI95High': -4.225983645640145, 'Increase': 1, 'Decrease': 29, 'Unchanged': 0, 'Unavailable': 0}
SpecialistQueue {'N': 30, 'Missing': 0, 'Mean': -0.25333333333333335, 'Median': -0.22999999999999998, 'SD': 0.19787375517866373, 'CI95Low': -0.3272206078204163, 'CI95High': -0.17944605884625042, 'Increase': 0, 'Decrease': 29, 'Unchanged': 1, 'Unavailable': 0}
TestingQueue {'N': 30, 'Missing': 0, 'Mean': -5.978666666666667, 'Median': -6.58, 'SD': 2.97008502529326, 'CI95Low': -7.087714641804507, 'CI95High': -4.869618691528827, 'Increase': 1, 'Decrease': 29, 'Unchanged': 0, 'Unavailable': 0}
DeveloperUtilization {'N': 30, 'Missing': 0, 'Mean': 0.011307223656670144, 'Median': 0.005647291666666665, 'SD': 0.015597049820121856, 'CI95Low': 0.0054831895385148224, 'CI95High': 0.017131257774825465, 'Increase': 22, 'Decrease': 1, 'Unchanged': 7, 'Unavailable': 0}
DeliveryWorkCost {'N': 30, 'Missing': 0, 'Mean': 0.14755849656163997, 'Median': 0.15313702370624194, 'SD': 0.05218377608209644, 'CI95Low': 0.1280727543333746, 'CI95High': 0.16704423878990535, 'Increase': 30, 'Decrease': 0, 'Unchanged': 0, 'Unavailable': 0}
SystemCost {'N': 30, 'Missing': 0, 'Mean': 0.056536118283350735, 'Median': 0.028236458333333214, 'SD': 0.07798524910060872, 'CI95Low': 0.027415947692574334, 'CI95High': 0.08565628887412713, 'Increase': 22, 'Decrease': 1, 'Unchanged': 7, 'Unavailable': 0}
S3 − S2
Throughput {'N': 30, 'Missing': 0, 'Mean': 0, 'Median': 0.0, 'SD': 0.0, 'CI95Low': 0.0, 'CI95High': 0.0, 'Increase': 0, 'Decrease': 0, 'Unchanged': 30, 'Unavailable': 0}
DeliveryCycleTime {'N': 30, 'Missing': 0, 'Mean': -0.10866666666666672, 'Median': -0.02999999999999936, 'SD': 2.747511392255674, 'CI95Low': -1.1346042813477268, 'CI95High': 0.9172709480143935, 'Increase': 15, 'Decrease': 15, 'Unchanged': 0, 'Unavailable': 0}
SpecialistQueue {'N': 30, 'Missing': 0, 'Mean': -0.21333333333333335, 'Median': -0.19, 'SD': 0.1553046690537186, 'CI95Low': -0.2713250498251777, 'CI95High': -0.15534161684148903, 'Increase': 0, 'Decrease': 29, 'Unchanged': 1, 'Unavailable': 0}
TestingQueue {'N': 30, 'Missing': 0, 'Mean': -0.10733333333333335, 'Median': -0.4299999999999997, 'SD': 3.043815587931262, 'CI95Low': -1.2439127530268308, 'CI95High': 1.0292460863601642, 'Increase': 14, 'Decrease': 16, 'Unchanged': 0, 'Unavailable': 0}
DeveloperUtilization {'N': 30, 'Missing': 0, 'Mean': 0.011004787283364296, 'Median': 0.006803333333333272, 'SD': 0.013384967145131883, 'CI95Low': 0.006006758411066504, 'CI95High': 0.016002816155662087, 'Increase': 23, 'Decrease': 0, 'Unchanged': 7, 'Unavailable': 0}
DeliveryWorkCost {'N': 30, 'Missing': 0, 'Mean': 0.05001686792238263, 'Median': 0.05035657475316402, 'SD': 0.04036652861937031, 'CI95Low': 0.03494375841628827, 'CI95High': 0.06508997742847698, 'Increase': 27, 'Decrease': 3, 'Unchanged': 0, 'Unavailable': 0}
SystemCost {'N': 30, 'Missing': 0, 'Mean': 0.05502393641682145, 'Median': 0.034016666666667916, 'SD': 0.06692483572565909, 'CI95Low': 0.030033792055332607, 'CI95High': 0.08001408077831029, 'Increase': 23, 'Decrease': 0, 'Unchanged': 7, 'Unavailable': 0}
S4 − S3
Throughput {'N': 30, 'Missing': 0, 'Mean': -0.0033333333333333214, 'Median': 0.0, 'SD': 0.01825741858350547, 'CI95Low': -0.010150765473775643, 'CI95High': 0.0034840988071089996, 'Increase': 0, 'Decrease': 1, 'Unchanged': 29, 'Unavailable': 0}
DeliveryCycleTime {'N': 30, 'Missing': 0, 'Mean': -3.290625850340136, 'Median': -3.269999999999998, 'SD': 1.2392146663205044, 'CI95Low': -3.7533562115048538, 'CI95High': -2.827895489175418, 'Increase': 0, 'Decrease': 30, 'Unchanged': 0, 'Unavailable': 0}
SpecialistQueue {'N': 30, 'Missing': 0, 'Mean': -0.032, 'Median': -0.02, 'SD': 0.04505934783800368, 'CI95Low': -0.048825437001028406, 'CI95High': -0.015174562998971595, 'Increase': 0, 'Decrease': 19, 'Unchanged': 11, 'Unavailable': 0}
TestingQueue {'N': 30, 'Missing': 0, 'Mean': -3.816666666666667, 'Median': -3.869999999999999, 'SD': 1.3690276774445413, 'CI95Low': -4.327870002816147, 'CI95High': -3.3054633305171865, 'Increase': 0, 'Decrease': 30, 'Unchanged': 0, 'Unavailable': 0}
DeveloperUtilization {'N': 30, 'Missing': 0, 'Mean': 0.0008421148116166232, 'Median': 0.0, 'SD': 0.0034392119559658804, 'CI95Low': -0.00044210803835286524, 'CI95High': 0.0021263376615861117, 'Increase': 6, 'Decrease': 4, 'Unchanged': 20, 'Unavailable': 0}
DeliveryWorkCost {'N': 30, 'Missing': 0, 'Mean': 0.06411002819933828, 'Median': 0.06346607142565475, 'SD': 0.0493314013662243, 'CI95Low': 0.045689380194313206, 'CI95High': 0.08253067620436336, 'Increase': 27, 'Decrease': 3, 'Unchanged': 0, 'Unavailable': 0}
SystemCost {'N': 30, 'Missing': 0, 'Mean': 0.008292206711144435, 'Median': 0.0, 'SD': 0.02984820956229665, 'CI95Low': -0.0028532979106589383, 'CI95High': 0.019437711332947808, 'Increase': 6, 'Decrease': 4, 'Unchanged': 20, 'Unavailable': 0}
S5 − S4
Throughput {'N': 30, 'Missing': 0, 'Mean': 0.0033333333333333214, 'Median': 0.0, 'SD': 0.01825741858350547, 'CI95Low': -0.0034840988071089996, 'CI95High': 0.010150765473775643, 'Increase': 1, 'Decrease': 0, 'Unchanged': 29, 'Unavailable': 0}
DeliveryCycleTime {'N': 30, 'Missing': 0, 'Mean': -1.8000408163265307, 'Median': -1.9799999999999986, 'SD': 0.8629289399469084, 'CI95Low': -2.1222637780888682, 'CI95High': -1.4778178545641931, 'Increase': 1, 'Decrease': 29, 'Unchanged': 0, 'Unavailable': 0}
SpecialistQueue {'N': 30, 'Missing': 0, 'Mean': -0.008, 'Median': 0.0, 'SD': 0.02006884701943924, 'CI95Low': -0.015493830634718118, 'CI95High': -0.0005061693652818828, 'Increase': 0, 'Decrease': 7, 'Unchanged': 23, 'Unavailable': 0}
TestingQueue {'N': 30, 'Missing': 0, 'Mean': -2.054666666666667, 'Median': -2.23, 'SD': 0.9109287921499771, 'CI95Low': -2.3948130678051123, 'CI95High': -1.7145202655282215, 'Increase': 0, 'Decrease': 30, 'Unchanged': 0, 'Unavailable': 0}
DeveloperUtilization {'N': 30, 'Missing': 0, 'Mean': -0.0005396784383107755, 'Median': 0.0, 'SD': 0.001928341840971301, 'CI95Low': -0.0012597331154968715, 'CI95High': 0.00018037623887532056, 'Increase': 5, 'Decrease': 7, 'Unchanged': 18, 'Unavailable': 0}
DeliveryWorkCost {'N': 30, 'Missing': 0, 'Mean': 0.033431600439919065, 'Median': 0.03556450118686438, 'SD': 0.04124918209271432, 'CI95Low': 0.018028902710247208, 'CI95High': 0.04883429816959092, 'Increase': 25, 'Decrease': 5, 'Unchanged': 0, 'Unavailable': 0}
SystemCost {'N': 30, 'Missing': 0, 'Mean': -0.006780024844615143, 'Median': 0.0, 'SD': 0.029826979912821246, 'CI95Low': -0.01791760218502318, 'CI95High': 0.004357552495792891, 'Increase': 5, 'Decrease': 7, 'Unchanged': 18, 'Unavailable': 0}
